<area shape="rect" href="$Rcpp_8cpp.html#86330168f60698ba4d745bb97cdbb15b" title="copyMessageToR" alt="" coords="239,5,364,32">
<area shape="rect" href="$classRcppParams.html#ae20c7ee73aa2f1176837cc9387ad008" title="RcppParams::getDateValue" alt="" coords="211,56,392,83">
<area shape="rect" href="$classRcppDate.html#20efbcdddceac536425407b3169fff5a" title="RcppDate::getDay" alt="" coords="237,107,365,133">
<area shape="rect" href="$classRcppParams.html#a45f8bc1cd8a64aa9a98e24158407077" title="RcppParams::getDoubleValue" alt="" coords="204,157,399,184">
<area shape="rect" href="$classRcppParams.html#bb554151641ab12a793f28d3d081973a" title="RcppParams::getIntValue" alt="" coords="216,208,387,235">
<area shape="rect" href="$classRcppDate.html#16ca2d57a2c4047b027c8b8b0db5184f" title="RcppDate::getMonth" alt="" coords="232,259,371,285">
<area shape="rect" href="$classRcppParams.html#dc04f4552582eeec09b0806ddd8e2581" title="RcppParams::getStringValue" alt="" coords="207,309,396,336">
<area shape="rect" href="$classRcppDate.html#79a7696fbce7b448ab545ce35c40811b" title="RcppDate::getYear" alt="" coords="236,360,367,387">
