<area shape="rect" href="$classRcppResultSet.html#7c7da37f18bd352303bf06b7c5233bc4" title="RcppResultSet::add" alt="" coords="192,5,328,32">
<area shape="rect" href="$classMyRListFunc.html#0dec3b59e1e235c0502594a5d92cae13" title="MyRListFunc::addOne" alt="" coords="184,56,336,83">
<area shape="rect" href="$classRcppFrame.html#ae72791527f2947a477633151106f42c" title="RcppFrame::addRow" alt="" coords="189,107,331,133">
<area shape="rect" href="$classRcppMatrix.html#e94a95b2125bd594965e26a93c994da4" title="RcppMatrix::cMatrix" alt="" coords="191,157,329,184">
<area shape="rect" href="$Rcpp_8cpp.html#86330168f60698ba4d745bb97cdbb15b" title="copyMessageToR" alt="" coords="197,208,323,235">
<area shape="rect" href="$classRcppVector.html#f4660a27a888a51693b02d2f51b47b08" title="RcppVector::cVector" alt="" coords="191,259,329,285">
<area shape="rect" href="$classRcppParams.html#ae20c7ee73aa2f1176837cc9387ad008" title="RcppParams::getDateValue" alt="" coords="169,309,351,336">
<area shape="rect" href="$classRcppDate.html#20efbcdddceac536425407b3169fff5a" title="RcppDate::getDay" alt="" coords="196,360,324,387">
<area shape="rect" href="$classRcppMatrix.html#edbe27d643d704a0f5a995821307fdaf" title="RcppMatrix::getDim1" alt="" coords="188,411,332,437">
<area shape="rect" href="$classRcppMatrix.html#356e04f844e3ebfac29b50e2e749734f" title="RcppMatrix::getDim2" alt="" coords="188,461,332,488">
<area shape="rect" href="$classRcppParams.html#a45f8bc1cd8a64aa9a98e24158407077" title="RcppParams::getDoubleValue" alt="" coords="163,512,357,539">
<area shape="rect" href="$classRcppParams.html#bb554151641ab12a793f28d3d081973a" title="RcppParams::getIntValue" alt="" coords="176,563,344,589">
<area shape="rect" href="$classRcppDate.html#16ca2d57a2c4047b027c8b8b0db5184f" title="RcppDate::getMonth" alt="" coords="191,613,329,640">
<area shape="rect" href="$classRcppNumList.html#246d8e534d97fbe798b8567bbfa93ca7" title="RcppNumList::getName" alt="" coords="180,664,340,691">
<area shape="rect" href="$classRcppResultSet.html#916989ff6c0ed1149a5f93fb6a532946" title="RcppResultSet::getReturnList" alt="" coords="164,715,356,741">
<area shape="rect" href="$classRcppParams.html#dc04f4552582eeec09b0806ddd8e2581" title="RcppParams::getStringValue" alt="" coords="167,765,353,792">
<area shape="rect" href="$classMyRVectorFunc.html#2eba5a390ca620a687e77208bfbb6df4" title="MyRVectorFunc::getSum" alt="" coords="177,816,343,843">
<area shape="rect" href="$classRcppNumList.html#2e83950933ddc73ad64ed800f6f5e23b" title="RcppNumList::getValue" alt="" coords="181,867,339,893">
<area shape="rect" href="$classRcppDate.html#79a7696fbce7b448ab545ce35c40811b" title="RcppDate::getYear" alt="" coords="195,917,325,944">
<area shape="rect" href="$classRcppVector.html#1e2424dc9b91014ba8b2c9351d97eb37" title="RcppVector::size" alt="" coords="200,968,320,995">
<area shape="rect" href="$classRcppMatrix.html#e74547edb5d989adb87b2e483153de89" title="RcppMatrix::stlMatrix" alt="" coords="188,1019,332,1045">
<area shape="rect" href="$classRcppVector.html#c650f89b966962b167f3bc42aecf213b" title="RcppVector::stlVector" alt="" coords="187,1069,333,1096">
<area shape="rect" href="$classRcppFunction.html#0df1a8ff093e21a2a7c6fc80d6645c7e" title="RcppFunction::appendToRList" alt="" coords="424,5,619,32">
<area shape="rect" href="$classRcppFunction.html#689c914636f0f0e86b90da4425c6e6a3" title="RcppFunction::clearProtectionStack" alt="" coords="407,461,636,488">
<area shape="rect" href="$classRcppFunction.html#0cc9d29ab7db552494dddefaa78e6578" title="RcppFunction::listCall" alt="" coords="448,56,595,83">
<area shape="rect" href="$classRcppFunction.html#f3dbcf8dcfbdfc49ef566b5efd0ad978" title="RcppFunction::setRListSize" alt="" coords="429,107,613,133">
<area shape="rect" href="$classRcppFunction.html#482df5aa5e2a98d52c9a79cf3ab31c67" title="RcppFunction::setRVector" alt="" coords="436,791,607,817">
<area shape="rect" href="$classRcppFunction.html#c57c514c761609892ff553434e134446" title="RcppFunction::vectorCall" alt="" coords="437,841,605,868">
